[wechat-group.bnu120.space/index.html]
[wechat-group.bnu120.space/_next/static/css/e9c8722bbbac5cfe.css]
[wechat-group.bnu120.space/_next/static/css/c8937754071cbfa9.css]
[wechat-group.bnu120.space/_next/static/chunks/webpack-3709356f4643f76a.js]
[wechat-group.bnu120.space/_next/static/chunks/7c8ed547-7fad7f12f19b8f49.js]
[wechat-group.bnu120.space/_next/static/chunks/597-ba63fb355c7994d2.js]
[backblue.gif]
[fade.gif]
[index.html]
[wechat-group.bnu120.space/_next/static/chunks/main-app-c846e2894171bccc.js]
[wechat-group.bnu120.space/icon596d.svg]
[wechat-group.bnu120.space/icon.svg]
[wechat-group.bnu120.space/_next/qrcode2fc8.webp]
[wechat-group.bnu120.space/_next/static/chunks/polyfills-78c92fac7aa8fdd8.js]
[wechat-group.bnu120.space/cdn-cgi/l/email-protection.html]
[wechat-group.bnu120.space/index.html]
[wechat-group.bnu120.space/cdn-cgi/scripts/5c5dd728/cloudflare-static/email-decode.min.js]
[wechat-group.bnu120.space/_next/static/media/6ee98040007525d8-s.p.ttf]
[wechat-group.bnu120.space/_next/static/css/e9c8722bbbac5cfe.css]
[wechat-group.bnu120.space/_next/static/css/c8937754071cbfa9.css]
[wechat-group.bnu120.space/icon596d.svg]
[wechat-group.bnu120.space/icon.svg]
[wechat-group.bnu120.space/cdn-cgi/l/email-protection.html]
